[Map Size]
W = 10
H = 10
[Tile Data]
Tile_1_1 = (4376:Neutral:Terrain)
Tile_1_2 = (4368:Neutral:Terrain)
Tile_1_3 = (4368:Neutral:Terrain)
Tile_1_4 = (4354:Neutral:Terrain)
Tile_1_5 = (4414:Neutral:Terrain)
Tile_1_6 = (4426:Neutral:Terrain)
Tile_1_7 = (4430:Neutral:Terrain)
Tile_1_8 = (4418:Neutral:Terrain)
Tile_1_9 = (4492:Neutral:Minerals)
Tile_1_10 = (4358:Neutral:Terrain)
Tile_1_11 = (4392:Neutral:Terrain)
Tile_1_12 = (4404:Neutral:Terrain)
Tile_1_13 = (4404:Neutral:Terrain)
Tile_1_14 = (4394:Neutral:Terrain)
Tile_1_15 = (4420:Neutral:Terrain)
Tile_1_16 = (4412:Neutral:Terrain)
Tile_1_17 = (4418:Neutral:Terrain)
Tile_1_18 = (4490:Neutral:Minerals)
Tile_1_19 = (4490:Neutral:Minerals)
Tile_1_20 = (4358:Neutral:Terrain)
Tile_1_21 = (4492:Neutral:Minerals)
Tile_1_22 = (4490:Neutral:Minerals)
Tile_1_23 = (4488:Neutral:Minerals)
Tile_1_24 = (4486:Neutral:Minerals)
Tile_1_25 = (4486:Neutral:Minerals)
Tile_1_26 = (4486:Neutral:Minerals)
Tile_1_27 = (4488:Neutral:Minerals)
Tile_1_28 = (4488:Neutral:Minerals)
Tile_1_29 = (4490:Neutral:Minerals)
Tile_1_30 = (4364:Neutral:Terrain)
Tile_1_31 = (4490:Neutral:Minerals)
Tile_1_32 = (4488:Neutral:Minerals)
Tile_1_33 = (4366:Neutral:Terrain)
Tile_1_34 = (4352:Neutral:Terrain)
Tile_1_35 = (4352:Neutral:Terrain)
Tile_1_36 = (4352:Neutral:Terrain)
Tile_1_37 = (4352:Neutral:Terrain)
Tile_1_38 = (4360:Neutral:Terrain)
Tile_1_39 = (4488:Neutral:Minerals)
Tile_1_40 = (4490:Neutral:Minerals)
Tile_1_41 = (4488:Neutral:Minerals)
Tile_1_42 = (4366:Neutral:Terrain)
Tile_1_43 = (4378:Neutral:Terrain)
Tile_1_44 = (4368:Neutral:Terrain)
Tile_1_45 = (4370:Neutral:Terrain)
Tile_1_46 = (4368:Neutral:Terrain)
Tile_1_47 = (4368:Neutral:Terrain)
Tile_1_48 = (4354:Neutral:Terrain)
Tile_1_49 = (4488:Neutral:Minerals)
Tile_1_50 = (4488:Neutral:Minerals)
Tile_1_51 = (4486:Neutral:Minerals)
Tile_1_52 = (4364:Neutral:Terrain)
Tile_1_53 = (4376:Neutral:Terrain)
Tile_1_54 = (4368:Neutral:Terrain)
Tile_1_55 = (4374:Neutral:Terrain)
Tile_1_56 = (4376:Neutral:Terrain)
Tile_1_57 = (4368:Neutral:Terrain)
Tile_1_58 = (4372:Neutral:Terrain)
Tile_1_59 = (4360:Neutral:Terrain)
Tile_1_60 = (4488:Neutral:Minerals)
Tile_1_61 = (4486:Neutral:Minerals)
Tile_1_62 = (4366:Neutral:Terrain)
Tile_1_63 = (4380:Neutral:Terrain)
Tile_1_64 = (4376:Neutral:Terrain)
Tile_1_65 = (4372:Neutral:Terrain)
Tile_1_66 = (4378:Neutral:Terrain)
Tile_1_67 = (4368:Neutral:Terrain)
Tile_1_68 = (4370:Neutral:Terrain)
Tile_1_69 = (4354:Neutral:Terrain)
Tile_1_70 = (4486:Neutral:Minerals)
Tile_1_71 = (4416:Neutral:Terrain)
Tile_1_72 = (4358:Neutral:Terrain)
Tile_1_73 = (4372:Neutral:Terrain)
Tile_1_74 = (4378:Neutral:Terrain)
Tile_1_75 = (4374:Neutral:Terrain)
Tile_1_76 = (4376:Neutral:Terrain)
Tile_1_77 = (4370:Neutral:Terrain)
Tile_1_78 = (4374:Neutral:Terrain)
Tile_1_79 = (4362:Neutral:Terrain)
Tile_1_80 = (4486:Neutral:Minerals)
Tile_1_81 = (4410:Neutral:Terrain)
Tile_1_82 = (4364:Neutral:Terrain)
Tile_1_83 = (4376:Neutral:Terrain)
Tile_1_84 = (4370:Neutral:Terrain)
Tile_1_85 = (4354:Neutral:Terrain)
Tile_1_86 = (4364:Neutral:Terrain)
Tile_1_87 = (4356:Neutral:Terrain)
Tile_1_88 = (4382:Neutral:Terrain)
Tile_1_89 = (4352:Neutral:Terrain)
Tile_1_90 = (4360:Neutral:Terrain)
Tile_1_91 = (4428:Neutral:Terrain)
Tile_1_92 = (4416:Neutral:Terrain)
Tile_1_93 = (4364:Neutral:Terrain)
Tile_1_94 = (4356:Neutral:Terrain)
Tile_1_95 = (4362:Neutral:Terrain)
Tile_1_96 = (4486:Neutral:Minerals)
Tile_1_97 = (4486:Neutral:Minerals)
Tile_1_98 = (4364:Neutral:Terrain)
Tile_1_99 = (4376:Neutral:Terrain)
Tile_1_100 = (4354:Neutral:Terrain)
-= EOF =-
-= Map Created Using CAMM Crystal Alien Map Maker =-