[CAMM]
vFormat = 5

[Level]
Title = Spiral
Author = Josh
W = 10
H = 11
Team = 1
CashPlayer = 2000
CashEnemy = 20000
isTraining = False
isConflict = False
isSpecialLevel = False
isLastSpecialLevel = False
isBonusLevel = True

[Terrain]
; Terrain Format: {str_ID|i_posX|i_posY}
Terrain0 = {9|0|0}
Terrain1 = {9|1|0}
Terrain2 = {9|2|0}
Terrain3 = {9|3|0}
Terrain4 = {9|4|0}
Terrain5 = {9|5|0}
Terrain6 = {9|6|0}
Terrain7 = {9|7|0}
Terrain8 = {9|8|0}
Terrain9 = {9|9|0}
Terrain10 = {9|0|1}
Terrain11 = {12|1|1}
Terrain12 = {3|2|1}
Terrain13 = {3|3|1}
Terrain14 = {3|4|1}
Terrain15 = {3|5|1}
Terrain16 = {3|6|1}
Terrain17 = {3|7|1}
Terrain18 = {3|8|1}
Terrain19 = {3|9|1}
Terrain20 = {9|0|2}
Terrain21 = {2|1|2}
Terrain22 = {8|2|2}
Terrain23 = {1|3|2}
Terrain24 = {1|4|2}
Terrain25 = {1|5|2}
Terrain26 = {1|6|2}
Terrain27 = {1|7|2}
Terrain28 = {1|8|2}
Terrain29 = {1|9|2}
Terrain30 = {9|0|3}
Terrain31 = {2|1|3}
Terrain32 = {4|2|3}
Terrain33 = {9|3|3}
Terrain34 = {9|4|3}
Terrain35 = {9|5|3}
Terrain36 = {9|6|3}
Terrain37 = {9|7|3}
Terrain38 = {9|8|3}
Terrain39 = {9|9|3}
Terrain40 = {9|0|4}
Terrain41 = {2|1|4}
Terrain42 = {4|2|4}
Terrain43 = {9|3|4}
Terrain44 = {12|4|4}
Terrain45 = {3|5|4}
Terrain46 = {3|6|4}
Terrain47 = {3|7|4}
Terrain48 = {13|8|4}
Terrain49 = {9|9|4}
Terrain50 = {9|0|5}
Terrain51 = {2|1|5}
Terrain52 = {4|2|5}
Terrain53 = {9|3|5}
Terrain54 = {2|4|5}
Terrain55 = {8|5|5}
Terrain56 = {1|6|5}
Terrain57 = {5|7|5}
Terrain58 = {4|8|5}
Terrain59 = {9|9|5}
Terrain60 = {9|0|6}
Terrain61 = {2|1|6}
Terrain62 = {4|2|6}
Terrain63 = {9|3|6}
Terrain64 = {11|4|6}
Terrain65 = {14|5|6}
Terrain66 = {9|6|6}
Terrain67 = {2|7|6}
Terrain68 = {4|8|6}
Terrain69 = {9|9|6}
Terrain70 = {9|0|7}
Terrain71 = {2|1|7}
Terrain72 = {4|2|7}
Terrain73 = {9|3|7}
Terrain74 = {9|4|7}
Terrain75 = {9|5|7}
Terrain76 = {9|6|7}
Terrain77 = {2|7|7}
Terrain78 = {4|8|7}
Terrain79 = {9|9|7}
Terrain80 = {9|0|8}
Terrain81 = {2|1|8}
Terrain82 = {7|2|8}
Terrain83 = {3|3|8}
Terrain84 = {3|4|8}
Terrain85 = {3|5|8}
Terrain86 = {3|6|8}
Terrain87 = {6|7|8}
Terrain88 = {4|8|8}
Terrain89 = {9|9|8}
Terrain90 = {9|0|9}
Terrain91 = {11|1|9}
Terrain92 = {1|2|9}
Terrain93 = {1|3|9}
Terrain94 = {1|4|9}
Terrain95 = {1|5|9}
Terrain96 = {1|6|9}
Terrain97 = {1|7|9}
Terrain98 = {14|8|9}
Terrain99 = {9|9|9}
Terrain100 = {9|0|10}
Terrain101 = {9|1|10}
Terrain102 = {9|2|10}
Terrain103 = {9|3|10}
Terrain104 = {9|4|10}
Terrain105 = {9|5|10}
Terrain106 = {9|6|10}
Terrain107 = {9|7|10}
Terrain108 = {9|8|10}
Terrain109 = {9|9|10}

[Buildings]
; Building Format: {str_ID|i_posX|i_posY|bool_isFriend|f_angle|f_damage}

[Units]
; Unit Format: {str_ID|i_posX|i_posY|bool_isFriend|f_angle|f_damage}

; Map Created Using CAMM Crystal Alien Map Maker